{bar:bar value}
{bar:bar value, barz:barz value}
bar value
barz value
