CONDITION 1
CONDITION 2
I MUST RUN
CONDITION 1
I MUST RUN
CONDITION 1
I MUST RUN
