10.000000
40.390000
-9.340000
2.918695
true
true
false
true
true
false
false
