2
10
9
3000
4
true
false
true
true
true
true
false
false
true
true
true
94
