[]
[10, true, false, 10.034000, c, Hey]
[10, 20]
[10, 20, 30, 20]
[10, 20]
