5
4
3
2
1
4
3
1
0
55
54
53
52
51
45
44
43
42
41
35
34
33
32
31
25
24
23
22
21
15
14
13
12
11
44
43
41
40
24
23
21
20
14
13
11
10
04
03
01
00
