{}
{boolean:true, decimal:10.340000, function:0000 CONST | 0002 STORE 2 'LOCAL' | 0005 POP | 0006 LOAD 0 'LOCAL' | 0009 LOAD 1 'LOCAL' | 0012 ADD | 0013 LOAD 2 'LOCAL' | 0016 ADD | 0017 CONST | 0019 ADD | 0020 RET | , integer:103, string:string}
103
10.340000
string
true
0000 CONST | 0002 STORE 2 'LOCAL' | 0005 POP | 0006 LOAD 0 'LOCAL' | 0009 LOAD 1 'LOCAL' | 0012 ADD | 0013 LOAD 2 'LOCAL' | 0016 ADD | 0017 CONST | 0019 ADD | 0020 RET | 
83
{boolean:true, decimal:12.304000, function:0000 CONST | 0002 STORE 2 'LOCAL' | 0005 POP | 0006 LOAD 0 'LOCAL' | 0009 LOAD 1 'LOCAL' | 0012 ADD | 0013 LOAD 2 'LOCAL' | 0016 ADD | 0017 CONST | 0019 ADD | 0020 RET | , integer:103, string:string}
