0
1
2
3
4
0
1
3
4
00
01
02
03
04
10
11
12
13
14
20
21
22
23
24
30
31
32
33
34
40
41
42
43
44
00
01
03
04
10
11
13
14
20
21
23
24
40
41
43
44
