Hello World
Hello World
false
true
true
false
false
false
true
false
