<type(int)>
<type(float)>
<type(bool)>
<type(bool)>
<type(str)>
<type(char)>
<type(type)>
<type(type)>
<type(type)>
<type(type)>
<type(type)>
false
true
true
